// Jest Snapshot v1, https://goo.gl/fbAQLP

exports[`locatie return a config object 1`] = `
{
  "meta": {
    "featureTypes": [],
    "label": "Where is it?",
    "language": {
      "description": "Enter the nearest address, click the location on the map or use "My location"
",
      "subTitle": "Where is it?",
      "submit": "Bevestigen",
      "title": "Select the location",
    },
    "shortLabel": "Where is it?",
  },
  "options": {
    "validators": [
      "required",
    ],
  },
  "render": "AssetSelectRenderer",
}
`;
